Archive member included to satisfy reference by file (symbol)

/home/sven/bin/STM32_SystemWorkbench/plugins/fr.ac6.mcu.externaltools.arm-none.linux64_1.16.0.201807130628/tools/compiler/bin/../lib/gcc/arm-none-eabi/7.2.1/thumb/v7-m/libgcc.a(_arm_addsubdf3.o)
                              Application/User/Print.o (__aeabi_dadd)
/home/sven/bin/STM32_SystemWorkbench/plugins/fr.ac6.mcu.externaltools.arm-none.linux64_1.16.0.201807130628/tools/compiler/bin/../lib/gcc/arm-none-eabi/7.2.1/thumb/v7-m/libgcc.a(_arm_muldivdf3.o)
                              Application/User/Print.o (__aeabi_ddiv)
/home/sven/bin/STM32_SystemWorkbench/plugins/fr.ac6.mcu.externaltools.arm-none.linux64_1.16.0.201807130628/tools/compiler/bin/../lib/gcc/arm-none-eabi/7.2.1/thumb/v7-m/libgcc.a(_arm_truncdfsf2.o)
                              Application/User/Print.o (__aeabi_d2f)
/home/sven/bin/STM32_SystemWorkbench/plugins/fr.ac6.mcu.externaltools.arm-none.linux64_1.16.0.201807130628/tools/compiler/bin/../lib/gcc/arm-none-eabi/7.2.1/thumb/v7-m/libgcc.a(_arm_addsubsf3.o)
                              Application/User/Print.o (__aeabi_fsub)
/home/sven/bin/STM32_SystemWorkbench/plugins/fr.ac6.mcu.externaltools.arm-none.linux64_1.16.0.201807130628/tools/compiler/bin/../lib/gcc/arm-none-eabi/7.2.1/thumb/v7-m/libgcc.a(_arm_muldivsf3.o)
                              Application/User/Print.o (__aeabi_fmul)
/home/sven/bin/STM32_SystemWorkbench/plugins/fr.ac6.mcu.externaltools.arm-none.linux64_1.16.0.201807130628/tools/compiler/bin/../lib/gcc/arm-none-eabi/7.2.1/thumb/v7-m/libgcc.a(_arm_cmpsf2.o)
                              Application/User/Print.o (__aeabi_fcmplt)
/home/sven/bin/STM32_SystemWorkbench/plugins/fr.ac6.mcu.externaltools.arm-none.linux64_1.16.0.201807130628/tools/compiler/bin/../lib/gcc/arm-none-eabi/7.2.1/thumb/v7-m/libgcc.a(_arm_unordsf2.o)
                              Application/User/Print.o (__aeabi_fcmpun)
/home/sven/bin/STM32_SystemWorkbench/plugins/fr.ac6.mcu.externaltools.arm-none.linux64_1.16.0.201807130628/tools/compiler/bin/../lib/gcc/arm-none-eabi/7.2.1/thumb/v7-m/libgcc.a(_arm_fixsfsi.o)
                              Application/User/Print.o (__aeabi_f2iz)
/home/sven/bin/STM32_SystemWorkbench/plugins/fr.ac6.mcu.externaltools.arm-none.linux64_1.16.0.201807130628/tools/compiler/bin/../lib/gcc/arm-none-eabi/7.2.1/thumb/v7-m/libgcc.a(_arm_fixunssfsi.o)
                              Application/User/Print.o (__aeabi_f2uiz)
/home/sven/bin/STM32_SystemWorkbench/plugins/fr.ac6.mcu.externaltools.arm-none.linux64_1.16.0.201807130628/tools/compiler/bin/../lib/gcc/arm-none-eabi/7.2.1/thumb/v7-m/libgcc.a(_aeabi_uldivmod.o)
                              Drivers/STM32F1xx_HAL_Driver/stm32f1xx_hal_rcc.o (__aeabi_uldivmod)
/home/sven/bin/STM32_SystemWorkbench/plugins/fr.ac6.mcu.externaltools.arm-none.linux64_1.16.0.201807130628/tools/compiler/bin/../lib/gcc/arm-none-eabi/7.2.1/thumb/v7-m/libgcc.a(_udivmoddi4.o)
                              /home/sven/bin/STM32_SystemWorkbench/plugins/fr.ac6.mcu.externaltools.arm-none.linux64_1.16.0.201807130628/tools/compiler/bin/../lib/gcc/arm-none-eabi/7.2.1/thumb/v7-m/libgcc.a(_aeabi_uldivmod.o) (__udivmoddi4)
/home/sven/bin/STM32_SystemWorkbench/plugins/fr.ac6.mcu.externaltools.arm-none.linux64_1.16.0.201807130628/tools/compiler/bin/../lib/gcc/arm-none-eabi/7.2.1/thumb/v7-m/libgcc.a(_dvmd_tls.o)
                              /home/sven/bin/STM32_SystemWorkbench/plugins/fr.ac6.mcu.externaltools.arm-none.linux64_1.16.0.201807130628/tools/compiler/bin/../lib/gcc/arm-none-eabi/7.2.1/thumb/v7-m/libgcc.a(_aeabi_uldivmod.o) (__aeabi_ldiv0)
/home/sven/bin/STM32_SystemWorkbench/plugins/fr.ac6.mcu.externaltools.arm-none.linux64_1.16.0.201807130628/tools/compiler/bin/../lib/gcc/arm-none-eabi/7.2.1/../../../../arm-none-eabi/lib/thumb/v7-m/libc_nano.a(lib_a-exit.o)
                              /home/sven/bin/STM32_SystemWorkbench/plugins/fr.ac6.mcu.externaltools.arm-none.linux64_1.16.0.201807130628/tools/compiler/bin/../lib/gcc/arm-none-eabi/7.2.1/../../../../arm-none-eabi/lib/thumb/v7-m/crt0.o (exit)
/home/sven/bin/STM32_SystemWorkbench/plugins/fr.ac6.mcu.externaltools.arm-none.linux64_1.16.0.201807130628/tools/compiler/bin/../lib/gcc/arm-none-eabi/7.2.1/../../../../arm-none-eabi/lib/thumb/v7-m/libc_nano.a(lib_a-impure.o)
                              /home/sven/bin/STM32_SystemWorkbench/plugins/fr.ac6.mcu.externaltools.arm-none.linux64_1.16.0.201807130628/tools/compiler/bin/../lib/gcc/arm-none-eabi/7.2.1/../../../../arm-none-eabi/lib/thumb/v7-m/libc_nano.a(lib_a-exit.o) (_global_impure_ptr)
/home/sven/bin/STM32_SystemWorkbench/plugins/fr.ac6.mcu.externaltools.arm-none.linux64_1.16.0.201807130628/tools/compiler/bin/../lib/gcc/arm-none-eabi/7.2.1/../../../../arm-none-eabi/lib/thumb/v7-m/libc_nano.a(lib_a-init.o)
[...]
Memory Configuration

Name             Origin             Length             Attributes
RAM              0x0000000020000000 0x0000000000010000 xrw
FLASH            0x0000000008000000 0x0000000000040000 xr
*default*        0x0000000000000000 0xffffffffffffffff

Linker script and memory map

LOAD /home/sven/bin/STM32_SystemWorkbench/plugins/fr.ac6.mcu.externaltools.arm-none.linux64_1.16.0.201807130628/tools/compiler/bin/../lib/gcc/arm-none-eabi/7.2.1/thumb/v7-m/crti.o
LOAD /home/sven/bin/STM32_SystemWorkbench/plugins/fr.ac6.mcu.externaltools.arm-none.linux64_1.16.0.201807130628/tools/compiler/bin/../lib/gcc/arm-none-eabi/7.2.1/thumb/v7-m/crtbegin.o
LOAD /home/sven/bin/STM32_SystemWorkbench/plugins/fr.ac6.mcu.externaltools.arm-none.linux64_1.16.0.201807130628/tools/compiler/bin/../lib/gcc/arm-none-eabi/7.2.1/../../../../arm-none-eabi/lib/thumb/v7-m/crt0.o
LOAD Application/SW4STM32/startup_stm32f107xc.o
LOAD Application/User/Display.o
LOAD Application/User/Print.o
LOAD Application/User/UTFT.o
LOAD Application/User/main.o
LOAD Application/User/stm32f1xx_hal_msp.o
LOAD Application/User/stm32f1xx_it.o
LOAD Drivers/CMSIS/system_stm32f1xx.o
LOAD Drivers/STM32F1xx_HAL_Driver/stm32f1xx_hal.o
LOAD Drivers/STM32F1xx_HAL_Driver/stm32f1xx_hal_cortex.o
LOAD Drivers/STM32F1xx_HAL_Driver/stm32f1xx_hal_dma.o
LOAD Drivers/STM32F1xx_HAL_Driver/stm32f1xx_hal_flash.o
LOAD Drivers/STM32F1xx_HAL_Driver/stm32f1xx_hal_flash_ex.o
LOAD Drivers/STM32F1xx_HAL_Driver/stm32f1xx_hal_gpio.o
LOAD Drivers/STM32F1xx_HAL_Driver/stm32f1xx_hal_gpio_ex.o
LOAD Drivers/STM32F1xx_HAL_Driver/stm32f1xx_hal_pwr.o
LOAD Drivers/STM32F1xx_HAL_Driver/stm32f1xx_hal_rcc.o
LOAD Drivers/STM32F1xx_HAL_Driver/stm32f1xx_hal_rcc_ex.o
LOAD Drivers/STM32F1xx_HAL_Driver/stm32f1xx_hal_spi.o
LOAD Drivers/STM32F1xx_HAL_Driver/stm32f1xx_hal_spi_ex.o
LOAD Drivers/STM32F1xx_HAL_Driver/stm32f1xx_hal_tim.o
LOAD Drivers/STM32F1xx_HAL_Driver/stm32f1xx_hal_tim_ex.o
LOAD /home/sven/bin/STM32_SystemWorkbench/plugins/fr.ac6.mcu.externaltools.arm-none.linux64_1.16.0.201807130628/tools/compiler/bin/../lib/gcc/arm-none-eabi/7.2.1/../../../../arm-none-eabi/lib/thumb/v7-m/libstdc++_nano.a
LOAD /home/sven/bin/STM32_SystemWorkbench/plugins/fr.ac6.mcu.externaltools.arm-none.linux64_1.16.0.201807130628/tools/compiler/bin/../lib/gcc/arm-none-eabi/7.2.1/../../../../arm-none-eabi/lib/thumb/v7-m/libm.a
START GROUP
LOAD /home/sven/bin/STM32_SystemWorkbench/plugins/fr.ac6.mcu.externaltools.arm-none.linux64_1.16.0.201807130628/tools/compiler/bin/../lib/gcc/arm-none-eabi/7.2.1/thumb/v7-m/libgcc.a
LOAD /home/sven/bin/STM32_SystemWorkbench/plugins/fr.ac6.mcu.externaltools.arm-none.linux64_1.16.0.201807130628/tools/compiler/bin/../lib/gcc/arm-none-eabi/7.2.1/../../../../arm-none-eabi/lib/thumb/v7-m/libc_nano.a
END GROUP
START GROUP
LOAD /home/sven/bin/STM32_SystemWorkbench/plugins/fr.ac6.mcu.externaltools.arm-none.linux64_1.16.0.201807130628/tools/compiler/bin/../lib/gcc/arm-none-eabi/7.2.1/thumb/v7-m/libgcc.a
LOAD /home/sven/bin/STM32_SystemWorkbench/plugins/fr.ac6.mcu.externaltools.arm-none.linux64_1.16.0.201807130628/tools/compiler/bin/../lib/gcc/arm-none-eabi/7.2.1/../../../../arm-none-eabi/lib/thumb/v7-m/libc_nano.a
LOAD /home/sven/bin/STM32_SystemWorkbench/plugins/fr.ac6.mcu.externaltools.arm-none.linux64_1.16.0.201807130628/tools/compiler/bin/../lib/gcc/arm-none-eabi/7.2.1/../../../../arm-none-eabi/lib/thumb/v7-m/libnosys.a
END GROUP
START GROUP
LOAD /home/sven/bin/STM32_SystemWorkbench/plugins/fr.ac6.mcu.externaltools.arm-none.linux64_1.16.0.201807130628/tools/compiler/bin/../lib/gcc/arm-none-eabi/7.2.1/thumb/v7-m/libgcc.a
LOAD /home/sven/bin/STM32_SystemWorkbench/plugins/fr.ac6.mcu.externaltools.arm-none.linux64_1.16.0.201807130628/tools/compiler/bin/../lib/gcc/arm-none-eabi/7.2.1/../../../../arm-none-eabi/lib/thumb/v7-m/libc_nano.a
LOAD /home/sven/bin/STM32_SystemWorkbench/plugins/fr.ac6.mcu.externaltools.arm-none.linux64_1.16.0.201807130628/tools/compiler/bin/../lib/gcc/arm-none-eabi/7.2.1/../../../../arm-none-eabi/lib/thumb/v7-m/libnosys.a
END GROUP
LOAD /home/sven/bin/STM32_SystemWorkbench/plugins/fr.ac6.mcu.externaltools.arm-none.linux64_1.16.0.201807130628/tools/compiler/bin/../lib/gcc/arm-none-eabi/7.2.1/thumb/v7-m/crtend.o
LOAD /home/sven/bin/STM32_SystemWorkbench/plugins/fr.ac6.mcu.externaltools.arm-none.linux64_1.16.0.201807130628/tools/compiler/bin/../lib/gcc/arm-none-eabi/7.2.1/thumb/v7-m/crtn.o
                0x0000000020010000                _estack = 0x20010000
                0x0000000000000200                _Min_Heap_Size = 0x200
                0x0000000000000400                _Min_Stack_Size = 0x400

.isr_vector     0x0000000008000000      0x1e4
                0x0000000008000000                . = ALIGN (0x4)
 *(.isr_vector)
 .isr_vector    0x0000000008000000      0x1e4 Application/SW4STM32/startup_stm32f107xc.o
                0x0000000008000000                g_pfnVectors
                0x00000000080001e4                . = ALIGN (0x4)

.text           0x00000000080001e4     0x1cf4
                0x00000000080001e4                . = ALIGN (0x4)
 *(.text)
 .text          0x00000000080001e4       0x40 /home/sven/bin/STM32_SystemWorkbench/plugins/fr.ac6.mcu.externaltools.arm-none.linux64_1.16.0.201807130628/tools/compiler/bin/../lib/gcc/arm-none-eabi/7.2.1/thumb/v7-m/crtbegin.o
 .text          0x0000000008000224       0x30 /home/sven/bin/STM32_SystemWorkbench/plugins/fr.ac6.mcu.externaltools.arm-none.linux64_1.16.0.201807130628/tools/compiler/bin/../lib/gcc/arm-none-eabi/7.2.1/thumb/v7-m/libgcc.a(_aeabi_uldivmod.o)
                0x0000000008000224                __aeabi_uldivmod
 .text          0x0000000008000254      0x2d0 /home/sven/bin/STM32_SystemWorkbench/plugins/fr.ac6.mcu.externaltools.arm-none.linux64_1.16.0.201807130628/tools/compiler/bin/../lib/gcc/arm-none-eabi/7.2.1/thumb/v7-m/libgcc.a(_udivmoddi4.o)
                0x0000000008000254                __udivmoddi4
 .text          0x0000000008000524        0x4 /home/sven/bin/STM32_SystemWorkbench/plugins/fr.ac6.mcu.externaltools.arm-none.linux64_1.16.0.201807130628/tools/compiler/bin/../lib/gcc/arm-none-eabi/7.2.1/thumb/v7-m/libgcc.a(_dvmd_tls.o)
                0x0000000008000524                __aeabi_ldiv0
                0x0000000008000524                __aeabi_idiv0
 *(.text*)
 .text.Reset_Handler
                0x0000000008000528       0x48 Application/SW4STM32/startup_stm32f107xc.o
                0x0000000008000528                Reset_Handler
 .text.Default_Handler
                0x0000000008000570        0x2 Application/SW4STM32/startup_stm32f107xc.o
                0x0000000008000570                RTC_Alarm_IRQHandler
                0x0000000008000570                EXTI2_IRQHandler
                0x0000000008000570                TIM1_CC_IRQHandler
                0x0000000008000570                TIM6_IRQHandler
                0x0000000008000570                PVD_IRQHandler
                0x0000000008000570                CAN2_RX1_IRQHandler
                0x0000000008000570                EXTI3_IRQHandler
                0x0000000008000570                EXTI0_IRQHandler
                0x0000000008000570                I2C2_EV_IRQHandler
                0x0000000008000570                CAN1_RX0_IRQHandler
                0x0000000008000570                CAN2_SCE_IRQHandler
                0x0000000008000570                ADC1_2_IRQHandler
                0x0000000008000570                SPI1_IRQHandler
                0x0000000008000570                TAMPER_IRQHandler
                0x0000000008000570                CAN2_RX0_IRQHandler
                0x0000000008000570                DMA2_Channel2_IRQHandler
                0x0000000008000570                DMA1_Channel4_IRQHandler
                0x0000000008000570                USART3_IRQHandler
                0x0000000008000570                RTC_IRQHandler
                0x0000000008000570                DMA1_Channel7_IRQHandler
                0x0000000008000570                CAN1_RX1_IRQHandler
                0x0000000008000570                UART5_IRQHandler
                0x0000000008000570                TIM4_IRQHandler
                0x0000000008000570                DMA2_Channel1_IRQHandler
                0x0000000008000570                I2C1_EV_IRQHandler
                0x0000000008000570                DMA1_Channel6_IRQHandler
                0x0000000008000570                UART4_IRQHandler
                0x0000000008000570                DMA2_Channel4_IRQHandler
                0x0000000008000570                TIM3_IRQHandler
                0x0000000008000570                RCC_IRQHandler
                0x0000000008000570                TIM1_TRG_COM_IRQHandler
                0x0000000008000570                DMA1_Channel1_IRQHandler
                0x0000000008000570                Default_Handler
                0x0000000008000570                EXTI15_10_IRQHandler
                0x0000000008000570                TIM7_IRQHandler
                0x0000000008000570                CAN2_TX_IRQHandler
                0x0000000008000570                TIM5_IRQHandler
                0x0000000008000570                EXTI9_5_IRQHandler
                0x0000000008000570                ETH_WKUP_IRQHandler
                0x0000000008000570                SPI2_IRQHandler
                0x0000000008000570                CAN1_TX_IRQHandler
                0x0000000008000570                DMA2_Channel5_IRQHandler
                0x0000000008000570                DMA1_Channel5_IRQHandler
                0x0000000008000570                EXTI4_IRQHandler
                0x0000000008000570                DMA1_Channel3_IRQHandler
                0x0000000008000570                ETH_IRQHandler
                0x0000000008000570                TIM1_UP_IRQHandler
                0x0000000008000570                WWDG_IRQHandler
                0x0000000008000570                TIM2_IRQHandler
                0x0000000008000570                OTG_FS_WKUP_IRQHandler
                0x0000000008000570                TIM1_BRK_IRQHandler
                0x0000000008000570                EXTI1_IRQHandler
                0x0000000008000570                USART2_IRQHandler
                0x0000000008000570                I2C2_ER_IRQHandler
                0x0000000008000570                DMA1_Channel2_IRQHandler
                0x0000000008000570                CAN1_SCE_IRQHandler
                0x0000000008000570                FLASH_IRQHandler
                0x0000000008000570                USART1_IRQHandler
                0x0000000008000570                OTG_FS_IRQHandler
                0x0000000008000570                SPI3_IRQHandler
                0x0000000008000570                I2C1_ER_IRQHandler
                0x0000000008000570                DMA2_Channel3_IRQHandler
 *fill*         0x0000000008000572        0x2 
 .text._Z41__static_initialization_and_destruction_0ii
                0x0000000008000574       0x24 Application/User/Display.o
 .text.initDisplay
                0x0000000008000598       0x28 Application/User/Display.o
                0x0000000008000598                initDisplay
 .text._GLOBAL__sub_I_lcd
                0x00000000080005c0        0xe Application/User/Display.o
 *fill*         0x00000000080005ce        0x2 
 .text._ZN4UTFT12LCD_Read_REGEh
                0x00000000080005d0       0x80 Application/User/UTFT.o
                0x00000000080005d0                UTFT::LCD_Read_REG(unsigned char)
 .text._ZN4UTFT25LCD_Write_Repeated_DATA16Ettt
                0x0000000008000650       0x48 Application/User/UTFT.o
                0x0000000008000650                UTFT::LCD_Write_Repeated_DATA16(unsigned short, unsigned short, unsigned short)
 .text._ZN4UTFT20LCD_Write_COM_DATA16Eht
                0x0000000008000698       0x50 Application/User/UTFT.o
                0x0000000008000698                UTFT::LCD_Write_COM_DATA16(unsigned char, unsigned short)
 .text._ZN4UTFT7InitLCDE18DisplayOrientation
                0x00000000080006e8      0x278 Application/User/UTFT.o
                0x00000000080006e8                UTFT::InitLCD(DisplayOrientation)
 .text._ZN4UTFT5setXYEtttt
                0x0000000008000960       0x90 Application/User/UTFT.o
                0x0000000008000960                UTFT::setXY(unsigned short, unsigned short, unsigned short, unsigned short)
 .text._ZN4UTFT7fillScrEtt
                0x00000000080009f0       0x80 Application/User/UTFT.o
                0x00000000080009f0                UTFT::fillScr(unsigned short, unsigned short)
 .text._ZN4UTFT11writeNativeEm
                0x0000000008000a70      0x31c Application/User/UTFT.o
                0x0000000008000a70                UTFT::writeNative(unsigned long)
 .text._ZN4UTFT5writeEh
                0x0000000008000d8c       0xcc Application/User/UTFT.o
                0x0000000008000d8c                UTFT::write(unsigned char)
 .text.MX_GPIO_Init
                0x0000000008000e58      0x188 Application/User/main.o
 .text.bing     0x0000000008000fe0       0x20 Application/User/main.o
                0x0000000008000fe0                bing
 .text._Error_Handler
                0x0000000008001000        0x2 Application/User/main.o
                0x0000000008001000                _Error_Handler
 *fill*         0x0000000008001002        0x2 
 .text.MX_SPI1_Init
                0x0000000008001004       0x48 Application/User/main.o
 .text.MX_SPI3_Init
                0x000000000800104c       0x48 Application/User/main.o
 .text.SystemClock_Config
                0x0000000008001094       0x80 Application/User/main.o
                0x0000000008001094                SystemClock_Config
 .text.main     0x0000000008001114       0x20 Application/User/main.o
                0x0000000008001114                main
 .text.HAL_MspInit
                0x0000000008001134       0xa0 Application/User/stm32f1xx_hal_msp.o
                0x0000000008001134                HAL_MspInit
 .text.HAL_SPI_MspInit
                0x00000000080011d4       0xb8 Application/User/stm32f1xx_hal_msp.o
                0x00000000080011d4                HAL_SPI_MspInit
 .text.NMI_Handler
                0x000000000800128c        0x2 Application/User/stm32f1xx_it.o
                0x000000000800128c                NMI_Handler
 .text.HardFault_Handler
                0x000000000800128e        0x2 Application/User/stm32f1xx_it.o
                0x000000000800128e                HardFault_Handler
 .text.MemManage_Handler
                0x0000000008001290        0x2 Application/User/stm32f1xx_it.o
                0x0000000008001290                MemManage_Handler
 .text.BusFault_Handler
                0x0000000008001292        0x2 Application/User/stm32f1xx_it.o
                0x0000000008001292                BusFault_Handler
 .text.UsageFault_Handler
                0x0000000008001294        0x2 Application/User/stm32f1xx_it.o
                0x0000000008001294                UsageFault_Handler
 .text.SVC_Handler
                0x0000000008001296        0x2 Application/User/stm32f1xx_it.o
                0x0000000008001296                SVC_Handler
 .text.DebugMon_Handler
                0x0000000008001298        0x2 Application/User/stm32f1xx_it.o
                0x0000000008001298                DebugMon_Handler
 .text.PendSV_Handler
                0x000000000800129a        0x2 Application/User/stm32f1xx_it.o
                0x000000000800129a                PendSV_Handler
 .text.SysTick_Handler
                0x000000000800129c        0xc Application/User/stm32f1xx_it.o
                0x000000000800129c                SysTick_Handler
 .text.SystemInit
                0x00000000080012a8       0x58 Drivers/CMSIS/system_stm32f1xx.o
                0x00000000080012a8                SystemInit
 .text.HAL_InitTick
                0x0000000008001300       0x48 Drivers/STM32F1xx_HAL_Driver/stm32f1xx_hal.o
                0x0000000008001300                HAL_InitTick
 .text.HAL_Init
                0x0000000008001348       0x24 Drivers/STM32F1xx_HAL_Driver/stm32f1xx_hal.o
                0x0000000008001348                HAL_Init
 .text.HAL_IncTick
                0x000000000800136c       0x18 Drivers/STM32F1xx_HAL_Driver/stm32f1xx_hal.o
                0x000000000800136c                HAL_IncTick
 .text.HAL_GetTick
                0x0000000008001384        0xc Drivers/STM32F1xx_HAL_Driver/stm32f1xx_hal.o
                0x0000000008001384                HAL_GetTick
 .text.HAL_Delay
                0x0000000008001390       0x28 Drivers/STM32F1xx_HAL_Driver/stm32f1xx_hal.o
                0x0000000008001390                HAL_Delay
 .text.HAL_NVIC_SetPriorityGrouping
                0x00000000080013b8       0x24 Drivers/STM32F1xx_HAL_Driver/stm32f1xx_hal_cortex.o
                0x00000000080013b8                HAL_NVIC_SetPriorityGrouping
 .text.HAL_NVIC_SetPriority
                0x00000000080013dc       0x68 Drivers/STM32F1xx_HAL_Driver/stm32f1xx_hal_cortex.o
                0x00000000080013dc                HAL_NVIC_SetPriority
 .text.HAL_SYSTICK_Config
                0x0000000008001444       0x2c Drivers/STM32F1xx_HAL_Driver/stm32f1xx_hal_cortex.o
                0x0000000008001444                HAL_SYSTICK_Config
 .text.HAL_SYSTICK_CLKSourceConfig
                0x0000000008001470       0x20 Drivers/STM32F1xx_HAL_Driver/stm32f1xx_hal_cortex.o
                0x0000000008001470                HAL_SYSTICK_CLKSourceConfig
 .text.HAL_SYSTICK_Callback
                0x0000000008001490        0x2 Drivers/STM32F1xx_HAL_Driver/stm32f1xx_hal_cortex.o
                0x0000000008001490                HAL_SYSTICK_Callback
 .text.HAL_SYSTICK_IRQHandler
                0x0000000008001492        0x8 Drivers/STM32F1xx_HAL_Driver/stm32f1xx_hal_cortex.o
                0x0000000008001492                HAL_SYSTICK_IRQHandler
 *fill*         0x000000000800149a        0x2 
 .text.HAL_GPIO_Init
                0x000000000800149c      0x1d4 Drivers/STM32F1xx_HAL_Driver/stm32f1xx_hal_gpio.o
                0x000000000800149c                HAL_GPIO_Init
 .text.HAL_GPIO_WritePin
                0x0000000008001670        0xc Drivers/STM32F1xx_HAL_Driver/stm32f1xx_hal_gpio.o
                0x0000000008001670                HAL_GPIO_WritePin
 .text.HAL_GPIO_TogglePin
                0x000000000800167c        0x8 Drivers/STM32F1xx_HAL_Driver/stm32f1xx_hal_gpio.o
                0x000000000800167c                HAL_GPIO_TogglePin
 .text.RCC_Delay
                0x0000000008001684       0x2c Drivers/STM32F1xx_HAL_Driver/stm32f1xx_hal_rcc.o
 .text.HAL_RCC_OscConfig
                0x00000000080016b0      0x4c0 Drivers/STM32F1xx_HAL_Driver/stm32f1xx_hal_rcc.o
                0x00000000080016b0                HAL_RCC_OscConfig
 .text.HAL_RCC_GetSysClockFreq
                0x0000000008001b70       0xe4 Drivers/STM32F1xx_HAL_Driver/stm32f1xx_hal_rcc.o
                0x0000000008001b70                HAL_RCC_GetSysClockFreq
 .text.HAL_RCC_ClockConfig
                0x0000000008001c54      0x178 Drivers/STM32F1xx_HAL_Driver/stm32f1xx_hal_rcc.o
                0x0000000008001c54                HAL_RCC_ClockConfig
 .text.HAL_RCC_GetHCLKFreq
                0x0000000008001dcc        0xc Drivers/STM32F1xx_HAL_Driver/stm32f1xx_hal_rcc.o
                0x0000000008001dcc                HAL_RCC_GetHCLKFreq
 .text.HAL_SPI_Init
                0x0000000008001dd8       0x82 Drivers/STM32F1xx_HAL_Driver/stm32f1xx_hal_spi_ex.o
                0x0000000008001dd8                HAL_SPI_Init
 *fill*         0x0000000008001e5a        0x2 
 .text.__libc_init_array
                0x0000000008001e5c       0x48 /home/sven/bin/STM32_SystemWorkbench/plugins/fr.ac6.mcu.externaltools.arm-none.linux64_1.16.0.201807130628/tools/compiler/bin/../lib/gcc/arm-none-eabi/7.2.1/../../../../arm-none-eabi/lib/thumb/v7-m/libc_nano.a(lib_a-init.o)
                0x0000000008001e5c                __libc_init_array
 .text.strchr   0x0000000008001ea4       0x1a /home/sven/bin/STM32_SystemWorkbench/plugins/fr.ac6.mcu.externaltools.arm-none.linux64_1.16.0.201807130628/tools/compiler/bin/../lib/gcc/arm-none-eabi/7.2.1/../../../../arm-none-eabi/lib/thumb/v7-m/libc_nano.a(lib_a-strchr.o)
                0x0000000008001ea4                strchr
 *(.glue_7)
 .glue_7        0x0000000008001ebe        0x0 linker stubs
 *(.glue_7t)
 .glue_7t       0x0000000008001ebe        0x0 linker stubs
 *(.eh_frame)
 *fill*         0x0000000008001ebe        0x2 
 .eh_frame      0x0000000008001ec0        0x0 /home/sven/bin/STM32_SystemWorkbench/plugins/fr.ac6.mcu.externaltools.arm-none.linux64_1.16.0.201807130628/tools/compiler/bin/../lib/gcc/arm-none-eabi/7.2.1/thumb/v7-m/crtbegin.o
 *(.init)
 .init          0x0000000008001ec0        0x4 /home/sven/bin/STM32_SystemWorkbench/plugins/fr.ac6.mcu.externaltools.arm-none.linux64_1.16.0.201807130628/tools/compiler/bin/../lib/gcc/arm-none-eabi/7.2.1/thumb/v7-m/crti.o
                0x0000000008001ec0                _init
 .init          0x0000000008001ec4        0x8 /home/sven/bin/STM32_SystemWorkbench/plugins/fr.ac6.mcu.externaltools.arm-none.linux64_1.16.0.201807130628/tools/compiler/bin/../lib/gcc/arm-none-eabi/7.2.1/thumb/v7-m/crtn.o
 *(.fini)
 .fini          0x0000000008001ecc        0x4 /home/sven/bin/STM32_SystemWorkbench/plugins/fr.ac6.mcu.externaltools.arm-none.linux64_1.16.0.201807130628/tools/compiler/bin/../lib/gcc/arm-none-eabi/7.2.1/thumb/v7-m/crti.o
                0x0000000008001ecc                _fini
 .fini          0x0000000008001ed0        0x8 /home/sven/bin/STM32_SystemWorkbench/plugins/fr.ac6.mcu.externaltools.arm-none.linux64_1.16.0.201807130628/tools/compiler/bin/../lib/gcc/arm-none-eabi/7.2.1/thumb/v7-m/crtn.o
                0x0000000008001ed8                . = ALIGN (0x4)
                0x0000000008001ed8                _etext = .

.vfp11_veneer   0x0000000008001ed8        0x0
 .vfp11_veneer  0x0000000008001ed8        0x0 linker stubs

.v4_bx          0x0000000008001ed8        0x0
 .v4_bx         0x0000000008001ed8        0x0 linker stubs

.iplt           0x0000000008001ed8        0x0
 .iplt          0x0000000008001ed8        0x0 /home/sven/bin/STM32_SystemWorkbench/plugins/fr.ac6.mcu.externaltools.arm-none.linux64_1.16.0.201807130628/tools/compiler/bin/../lib/gcc/arm-none-eabi/7.2.1/thumb/v7-m/crtbegin.o

.rodata         0x0000000008001ed8       0x70
                0x0000000008001ed8                . = ALIGN (0x4)
 *(.rodata)
 .rodata        0x0000000008001ed8        0xc Application/User/UTFT.o
                0x0000000008001ed8                vtable for UTFT
 .rodata        0x0000000008001ee4       0x18 Drivers/CMSIS/system_stm32f1xx.o
                0x0000000008001ee4                AHBPrescTable
                0x0000000008001ef4                APBPrescTable
 .rodata        0x0000000008001efc       0x20 Drivers/STM32F1xx_HAL_Driver/stm32f1xx_hal_rcc.o
 *(.rodata*)
 .rodata.str1.4
                0x0000000008001f1c       0x2c Application/User/main.o
                                         0x2a (size before relaxing)
                0x0000000008001f48                . = ALIGN (0x4)

.ARM.extab
 *(.ARM.extab* .gnu.linkonce.armextab.*)

.ARM            0x0000000008001f48        0x8
                0x0000000008001f48                __exidx_start = .
 *(.ARM.exidx*)
 .ARM.exidx     0x0000000008001f48        0x8 /home/sven/bin/STM32_SystemWorkbench/plugins/fr.ac6.mcu.externaltools.arm-none.linux64_1.16.0.201807130628/tools/compiler/bin/../lib/gcc/arm-none-eabi/7.2.1/thumb/v7-m/libgcc.a(_udivmoddi4.o)
                0x0000000008001f50                __exidx_end = .

.rel.dyn        0x0000000008001f50        0x0
 .rel.iplt      0x0000000008001f50        0x0 /home/sven/bin/STM32_SystemWorkbench/plugins/fr.ac6.mcu.externaltools.arm-none.linux64_1.16.0.201807130628/tools/compiler/bin/../lib/gcc/arm-none-eabi/7.2.1/thumb/v7-m/crtbegin.o

.preinit_array  0x0000000008001f50        0x0
                0x0000000008001f50                PROVIDE (__preinit_array_start, .)
 *(.preinit_array*)
                0x0000000008001f50                PROVIDE (__preinit_array_end, .)

.init_array     0x0000000008001f50        0x8
                0x0000000008001f50                PROVIDE (__init_array_start, .)
 *(SORT_BY_NAME(.init_array.*))
 *(.init_array*)
 .init_array    0x0000000008001f50        0x4 /home/sven/bin/STM32_SystemWorkbench/plugins/fr.ac6.mcu.externaltools.arm-none.linux64_1.16.0.201807130628/tools/compiler/bin/../lib/gcc/arm-none-eabi/7.2.1/thumb/v7-m/crtbegin.o
 .init_array    0x0000000008001f54        0x4 Application/User/Display.o
                0x0000000008001f58                PROVIDE (__init_array_end, .)

.fini_array     0x0000000008001f58        0x4
                [!provide]                        PROVIDE (__fini_array_start, .)
 *(SORT_BY_NAME(.fini_array.*))
 *(.fini_array*)
 .fini_array    0x0000000008001f58        0x4 /home/sven/bin/STM32_SystemWorkbench/plugins/fr.ac6.mcu.externaltools.arm-none.linux64_1.16.0.201807130628/tools/compiler/bin/../lib/gcc/arm-none-eabi/7.2.1/thumb/v7-m/crtbegin.o
                [!provide]                        PROVIDE (__fini_array_end, .)
                0x0000000008001f5c                _sidata = LOADADDR (.data)

.data           0x0000000020000000        0xc load address 0x0000000008001f5c
                0x0000000020000000                . = ALIGN (0x4)
                0x0000000020000000                _sdata = .
 *(.data)
 .data          0x0000000020000000        0x4 Drivers/CMSIS/system_stm32f1xx.o
                0x0000000020000000                SystemCoreClock
 .data          0x0000000020000004        0x8 Drivers/STM32F1xx_HAL_Driver/stm32f1xx_hal.o
                0x0000000020000004                uwTickFreq
                0x0000000020000008                uwTickPrio
 *(.data*)
                0x000000002000000c                . = ALIGN (0x4)
                0x000000002000000c                _edata = .

.igot.plt       0x000000002000000c        0x0 load address 0x0000000008001f68
 .igot.plt      0x000000002000000c        0x0 /home/sven/bin/STM32_SystemWorkbench/plugins/fr.ac6.mcu.externaltools.arm-none.linux64_1.16.0.201807130628/tools/compiler/bin/../lib/gcc/arm-none-eabi/7.2.1/thumb/v7-m/crtbegin.o
                0x000000002000000c                . = ALIGN (0x4)

.bss            0x000000002000000c      0x100 load address 0x0000000008001f68
                0x000000002000000c                _sbss = .
                0x000000002000000c                __bss_start__ = _sbss
 *(.bss)
 .bss           0x000000002000000c       0x1c /home/sven/bin/STM32_SystemWorkbench/plugins/fr.ac6.mcu.externaltools.arm-none.linux64_1.16.0.201807130628/tools/compiler/bin/../lib/gcc/arm-none-eabi/7.2.1/thumb/v7-m/crtbegin.o
 .bss           0x0000000020000028       0x30 Application/User/Display.o
                0x0000000020000028                lcd
 *(.bss*)
 *(COMMON)
 COMMON         0x0000000020000058       0xb0 Application/User/main.o
                0x0000000020000058                hspi3
                0x00000000200000b0                hspi1
 COMMON         0x0000000020000108        0x4 Drivers/STM32F1xx_HAL_Driver/stm32f1xx_hal.o
                0x0000000020000108                uwTick
                0x000000002000010c                . = ALIGN (0x4)
                0x000000002000010c                _ebss = .
                0x000000002000010c                __bss_end__ = _ebss

._user_heap_stack
                0x000000002000010c      0x604 load address 0x0000000008001f68
                0x0000000020000110                . = ALIGN (0x8)
 *fill*         0x000000002000010c        0x4 
                [!provide]                        PROVIDE (end, .)
                [!provide]                        PROVIDE (_end, .)
                0x0000000020000310                . = (. + _Min_Heap_Size)
 *fill*         0x0000000020000110      0x200 
                0x0000000020000710                . = (. + _Min_Stack_Size)
 *fill*         0x0000000020000310      0x400 
                0x0000000020000710                . = ALIGN (0x8)

/DISCARD/
 libc.a(*)
 libm.a(*)
 libgcc.a(*)

.ARM.attributes
                0x0000000000000000       0x29
 *(.ARM.attributes)
 .ARM.attributes
                0x0000000000000000       0x1d /home/sven/bin/STM32_SystemWorkbench/plugins/fr.ac6.mcu.externaltools.arm-none.linux64_1.16.0.201807130628/tools/compiler/bin/../lib/gcc/arm-none-eabi/7.2.1/thumb/v7-m/crti.o
 .ARM.attributes
                0x000000000000001d       0x2d /home/sven/bin/STM32_SystemWorkbench/plugins/fr.ac6.mcu.externaltools.arm-none.linux64_1.16.0.201807130628/tools/compiler/bin/../lib/gcc/arm-none-eabi/7.2.1/thumb/v7-m/crtbegin.o
 .ARM.attributes
                0x000000000000004a       0x21 Application/SW4STM32/startup_stm32f107xc.o
 .ARM.attributes
                0x000000000000006b       0x33 Application/User/Display.o
 .ARM.attributes
                0x000000000000009e       0x33 Application/User/UTFT.o
 .ARM.attributes
                0x00000000000000d1       0x33 Application/User/main.o
 .ARM.attributes
                0x0000000000000104       0x33 Application/User/stm32f1xx_hal_msp.o
 .ARM.attributes
                0x0000000000000137       0x33 Application/User/stm32f1xx_it.o
 .ARM.attributes
                0x000000000000016a       0x33 Drivers/CMSIS/system_stm32f1xx.o
 .ARM.attributes
                0x000000000000019d       0x33 Drivers/STM32F1xx_HAL_Driver/stm32f1xx_hal.o
 .ARM.attributes
                0x00000000000001d0       0x33 Drivers/STM32F1xx_HAL_Driver/stm32f1xx_hal_cortex.o
 .ARM.attributes
                0x0000000000000203       0x33 Drivers/STM32F1xx_HAL_Driver/stm32f1xx_hal_gpio.o
 .ARM.attributes
                0x0000000000000236       0x33 Drivers/STM32F1xx_HAL_Driver/stm32f1xx_hal_rcc.o
 .ARM.attributes
                0x0000000000000269       0x33 Drivers/STM32F1xx_HAL_Driver/stm32f1xx_hal_spi_ex.o
 .ARM.attributes
                0x000000000000029c       0x1d /home/sven/bin/STM32_SystemWorkbench/plugins/fr.ac6.mcu.externaltools.arm-none.linux64_1.16.0.201807130628/tools/compiler/bin/../lib/gcc/arm-none-eabi/7.2.1/thumb/v7-m/libgcc.a(_aeabi_uldivmod.o)
 .ARM.attributes
                0x00000000000002b9       0x2d /home/sven/bin/STM32_SystemWorkbench/plugins/fr.ac6.mcu.externaltools.arm-none.linux64_1.16.0.201807130628/tools/compiler/bin/../lib/gcc/arm-none-eabi/7.2.1/thumb/v7-m/libgcc.a(_udivmoddi4.o)
 .ARM.attributes
                0x00000000000002e6       0x1d /home/sven/bin/STM32_SystemWorkbench/plugins/fr.ac6.mcu.externaltools.arm-none.linux64_1.16.0.201807130628/tools/compiler/bin/../lib/gcc/arm-none-eabi/7.2.1/thumb/v7-m/libgcc.a(_dvmd_tls.o)
 .ARM.attributes
                0x0000000000000303       0x2d /home/sven/bin/STM32_SystemWorkbench/plugins/fr.ac6.mcu.externaltools.arm-none.linux64_1.16.0.201807130628/tools/compiler/bin/../lib/gcc/arm-none-eabi/7.2.1/../../../../arm-none-eabi/lib/thumb/v7-m/libc_nano.a(lib_a-init.o)
 .ARM.attributes
                0x0000000000000330       0x2d /home/sven/bin/STM32_SystemWorkbench/plugins/fr.ac6.mcu.externaltools.arm-none.linux64_1.16.0.201807130628/tools/compiler/bin/../lib/gcc/arm-none-eabi/7.2.1/../../../../arm-none-eabi/lib/thumb/v7-m/libc_nano.a(lib_a-strchr.o)
 .ARM.attributes
                0x000000000000035d       0x1d /home/sven/bin/STM32_SystemWorkbench/plugins/fr.ac6.mcu.externaltools.arm-none.linux64_1.16.0.201807130628/tools/compiler/bin/../lib/gcc/arm-none-eabi/7.2.1/thumb/v7-m/crtn.o
OUTPUT(OctoScreen.elf elf32-littlearm)

.debug_line     0x0000000000000000     0x61c2
 .debug_line    0x0000000000000000       0x9c Application/SW4STM32/startup_stm32f107xc.o
 .debug_line    0x000000000000009c      0x5ef Application/User/Display.o
 .debug_line    0x000000000000068b     0x113e Application/User/UTFT.o
 .debug_line    0x00000000000017c9      0x7da Application/User/main.o
 .debug_line    0x0000000000001fa3      0x75f Application/User/stm32f1xx_hal_msp.o
 .debug_line    0x0000000000002702      0x798 Application/User/stm32f1xx_it.o
 .debug_line    0x0000000000002e9a      0x74f Drivers/CMSIS/system_stm32f1xx.o
 .debug_line    0x00000000000035e9      0x8ca Drivers/STM32F1xx_HAL_Driver/stm32f1xx_hal.o
 .debug_line    0x0000000000003eb3      0x8e0 Drivers/STM32F1xx_HAL_Driver/stm32f1xx_hal_cortex.o
 .debug_line    0x0000000000004793      0x8c5 Drivers/STM32F1xx_HAL_Driver/stm32f1xx_hal_gpio.o
 .debug_line    0x0000000000005058      0xa29 Drivers/STM32F1xx_HAL_Driver/stm32f1xx_hal_rcc.o
 .debug_line    0x0000000000005a81      0x741 Drivers/STM32F1xx_HAL_Driver/stm32f1xx_hal_spi_ex.o

.debug_info     0x0000000000000000     0xfeb6
 .debug_info    0x0000000000000000       0x22 Application/SW4STM32/startup_stm32f107xc.o
 .debug_info    0x0000000000000022     0x15f7 Application/User/Display.o
 .debug_info    0x0000000000001619     0x51b0 Application/User/UTFT.o
 .debug_info    0x00000000000067c9     0x17c2 Application/User/main.o
 .debug_info    0x0000000000007f8b     0x1407 Application/User/stm32f1xx_hal_msp.o
 .debug_info    0x0000000000009392      0xa04 Application/User/stm32f1xx_it.o
 .debug_info    0x0000000000009d96      0xc55 Drivers/CMSIS/system_stm32f1xx.o
 .debug_info    0x000000000000a9eb     0x102c Drivers/STM32F1xx_HAL_Driver/stm32f1xx_hal.o
 .debug_info    0x000000000000ba17     0x14e1 Drivers/STM32F1xx_HAL_Driver/stm32f1xx_hal_cortex.o
 .debug_info    0x000000000000cef8      0xea1 Drivers/STM32F1xx_HAL_Driver/stm32f1xx_hal_gpio.o
 .debug_info    0x000000000000dd99     0x12eb Drivers/STM32F1xx_HAL_Driver/stm32f1xx_hal_rcc.o
 .debug_info    0x000000000000f084      0xe32 Drivers/STM32F1xx_HAL_Driver/stm32f1xx_hal_spi_ex.o

.debug_abbrev   0x0000000000000000     0x230f
 .debug_abbrev  0x0000000000000000       0x12 Application/SW4STM32/startup_stm32f107xc.o
 .debug_abbrev  0x0000000000000012      0x482 Application/User/Display.o
 .debug_abbrev  0x0000000000000494      0x694 Application/User/UTFT.o
 .debug_abbrev  0x0000000000000b28      0x2d6 Application/User/main.o
 .debug_abbrev  0x0000000000000dfe      0x263 Application/User/stm32f1xx_hal_msp.o
 .debug_abbrev  0x0000000000001061      0x1e7 Application/User/stm32f1xx_it.o
 .debug_abbrev  0x0000000000001248      0x205 Drivers/CMSIS/system_stm32f1xx.o
 .debug_abbrev  0x000000000000144d      0x2f4 Drivers/STM32F1xx_HAL_Driver/stm32f1xx_hal.o
 .debug_abbrev  0x0000000000001741      0x3cd Drivers/STM32F1xx_HAL_Driver/stm32f1xx_hal_cortex.o
 .debug_abbrev  0x0000000000001b0e      0x2a7 Drivers/STM32F1xx_HAL_Driver/stm32f1xx_hal_gpio.o
 .debug_abbrev  0x0000000000001db5      0x351 Drivers/STM32F1xx_HAL_Driver/stm32f1xx_hal_rcc.o
 .debug_abbrev  0x0000000000002106      0x209 Drivers/STM32F1xx_HAL_Driver/stm32f1xx_hal_spi_ex.o

.debug_aranges  0x0000000000000000      0x4c8
 .debug_aranges
                0x0000000000000000       0x28 Application/SW4STM32/startup_stm32f107xc.o
 .debug_aranges
                0x0000000000000028       0x30 Application/User/Display.o
 .debug_aranges
                0x0000000000000058      0x100 Application/User/UTFT.o
 .debug_aranges
                0x0000000000000158       0x50 Application/User/main.o
 .debug_aranges
                0x00000000000001a8       0x30 Application/User/stm32f1xx_hal_msp.o
 .debug_aranges
                0x00000000000001d8       0x60 Application/User/stm32f1xx_it.o
 .debug_aranges
                0x0000000000000238       0x28 Drivers/CMSIS/system_stm32f1xx.o
 .debug_aranges
                0x0000000000000260       0xd0 Drivers/STM32F1xx_HAL_Driver/stm32f1xx_hal.o
 .debug_aranges
                0x0000000000000330       0x90 Drivers/STM32F1xx_HAL_Driver/stm32f1xx_hal_cortex.o
 .debug_aranges
                0x00000000000003c0       0x58 Drivers/STM32F1xx_HAL_Driver/stm32f1xx_hal_gpio.o
 .debug_aranges
                0x0000000000000418       0x90 Drivers/STM32F1xx_HAL_Driver/stm32f1xx_hal_rcc.o
 .debug_aranges
                0x00000000000004a8       0x20 Drivers/STM32F1xx_HAL_Driver/stm32f1xx_hal_spi_ex.o

.debug_str      0x0000000000000000    0x9c8a1
 .debug_str     0x0000000000000000       0x86 Application/SW4STM32/startup_stm32f107xc.o
 .debug_str     0x0000000000000086     0x93e4 Application/User/Display.o
                                       0x97c0 (size before relaxing)
 .debug_str     0x000000000000946a    0x9185b Application/User/UTFT.o
                                      0x9b01a (size before relaxing)
 .debug_str     0x000000000009acc5      0xcff Application/User/main.o
                                      0x987e8 (size before relaxing)
 .debug_str     0x000000000009b9c4       0xc5 Application/User/stm32f1xx_hal_msp.o
                                      0x98599 (size before relaxing)
 .debug_str     0x000000000009ba89       0xf7 Application/User/stm32f1xx_it.o
                                      0x97d9e (size before relaxing)
 .debug_str     0x000000000009bb80      0x10c Drivers/CMSIS/system_stm32f1xx.o
                                      0x97e0a (size before relaxing)
 .debug_str     0x000000000009bc8c      0x420 Drivers/STM32F1xx_HAL_Driver/stm32f1xx_hal.o
                                      0x98581 (size before relaxing)
 .debug_str     0x000000000009c0ac      0x263 Drivers/STM32F1xx_HAL_Driver/stm32f1xx_hal_cortex.o
                                      0x984c8 (size before relaxing)
 .debug_str     0x000000000009c30f      0x2f1 Drivers/STM32F1xx_HAL_Driver/stm32f1xx_hal_gpio.o
                                      0x98132 (size before relaxing)
 .debug_str     0x000000000009c600      0x24a Drivers/STM32F1xx_HAL_Driver/stm32f1xx_hal_rcc.o
                                      0x981f4 (size before relaxing)
 .debug_str     0x000000000009c84a       0x57 Drivers/STM32F1xx_HAL_Driver/stm32f1xx_hal_spi_ex.o
                                      0x9810b (size before relaxing)

.debug_ranges   0x0000000000000000      0x760
 .debug_ranges  0x0000000000000000       0x20 Application/SW4STM32/startup_stm32f107xc.o
 .debug_ranges  0x0000000000000020       0x20 Application/User/Display.o
 .debug_ranges  0x0000000000000040      0x3c0 Application/User/UTFT.o
 .debug_ranges  0x0000000000000400       0x40 Application/User/main.o
 .debug_ranges  0x0000000000000440       0x20 Application/User/stm32f1xx_hal_msp.o
 .debug_ranges  0x0000000000000460       0x50 Application/User/stm32f1xx_it.o
 .debug_ranges  0x00000000000004b0       0x18 Drivers/CMSIS/system_stm32f1xx.o
 .debug_ranges  0x00000000000004c8       0xc0 Drivers/STM32F1xx_HAL_Driver/stm32f1xx_hal.o
 .debug_ranges  0x0000000000000588       0xe0 Drivers/STM32F1xx_HAL_Driver/stm32f1xx_hal_cortex.o
 .debug_ranges  0x0000000000000668       0x48 Drivers/STM32F1xx_HAL_Driver/stm32f1xx_hal_gpio.o
 .debug_ranges  0x00000000000006b0       0xa0 Drivers/STM32F1xx_HAL_Driver/stm32f1xx_hal_rcc.o
 .debug_ranges  0x0000000000000750       0x10 Drivers/STM32F1xx_HAL_Driver/stm32f1xx_hal_spi_ex.o

.debug_loc      0x0000000000000000     0x3f9e
 .debug_loc     0x0000000000000000       0x18 Application/User/Display.o
 .debug_loc     0x0000000000000018     0x2bf6 Application/User/UTFT.o
 .debug_loc     0x0000000000002c0e       0xca Application/User/stm32f1xx_hal_msp.o
 .debug_loc     0x0000000000002cd8      0x1c4 Drivers/CMSIS/system_stm32f1xx.o
 .debug_loc     0x0000000000002e9c       0xfd Drivers/STM32F1xx_HAL_Driver/stm32f1xx_hal.o
 .debug_loc     0x0000000000002f99      0x5ad Drivers/STM32F1xx_HAL_Driver/stm32f1xx_hal_cortex.o
 .debug_loc     0x0000000000003546      0x44e Drivers/STM32F1xx_HAL_Driver/stm32f1xx_hal_gpio.o
 .debug_loc     0x0000000000003994      0x5bd Drivers/STM32F1xx_HAL_Driver/stm32f1xx_hal_rcc.o
 .debug_loc     0x0000000000003f51       0x4d Drivers/STM32F1xx_HAL_Driver/stm32f1xx_hal_spi_ex.o

.debug_macro    0x0000000000000000    0x1f051
 .debug_macro   0x0000000000000000      0x19d Application/User/Display.o
 .debug_macro   0x000000000000019d      0xb32 Application/User/Display.o
 .debug_macro   0x0000000000000ccf      0x1a2 Application/User/Display.o
 .debug_macro   0x0000000000000e71      0x168 Application/User/Display.o
 .debug_macro   0x0000000000000fd9       0x10 Application/User/Display.o
 .debug_macro   0x0000000000000fe9      0x3f4 Application/User/Display.o
 .debug_macro   0x00000000000013dd       0x1c Application/User/Display.o
 .debug_macro   0x00000000000013f9       0x22 Application/User/Display.o
 .debug_macro   0x000000000000141b       0x87 Application/User/Display.o
 .debug_macro   0x00000000000014a2       0x51 Application/User/Display.o
 .debug_macro   0x00000000000014f3       0xef Application/User/Display.o
 .debug_macro   0x00000000000015e2       0x6a Application/User/Display.o
 .debug_macro   0x000000000000164c      0x1df Application/User/Display.o
 .debug_macro   0x000000000000182b       0x28 Application/User/Display.o
 .debug_macro   0x0000000000001853      0x17b Application/User/Display.o
 .debug_macro   0x00000000000019ce       0x58 Application/User/Display.o
 .debug_macro   0x0000000000001a26       0x17 Application/User/Display.o
 .debug_macro   0x0000000000001a3d       0x35 Application/User/Display.o
 .debug_macro   0x0000000000001a72       0x9c Application/User/Display.o
 .debug_macro   0x0000000000001b0e       0x58 Application/User/Display.o
 .debug_macro   0x0000000000001b66       0x1f Application/User/Display.o
 .debug_macro   0x0000000000001b85       0x43 Application/User/Display.o
 .debug_macro   0x0000000000001bc8       0x20 Application/User/Display.o
 .debug_macro   0x0000000000001be8      0x18e Application/User/Display.o
 .debug_macro   0x0000000000001d76      0x353 Application/User/Display.o
 .debug_macro   0x00000000000020c9       0x10 Application/User/Display.o
 .debug_macro   0x00000000000020d9       0x35 Application/User/Display.o
 .debug_macro   0x000000000000210e       0x8e Application/User/Display.o
 .debug_macro   0x000000000000219c       0x1c Application/User/Display.o
 .debug_macro   0x00000000000021b8       0x10 Application/User/Display.o
 .debug_macro   0x00000000000021c8      0x383 Application/User/UTFT.o
 .debug_macro   0x000000000000254b       0x52 Application/User/UTFT.o
 .debug_macro   0x000000000000259d       0x8d Application/User/UTFT.o
 .debug_macro   0x000000000000262a       0x57 Application/User/UTFT.o
 .debug_macro   0x0000000000002681       0x58 Application/User/UTFT.o
 .debug_macro   0x00000000000026d9      0x163 Application/User/UTFT.o
 .debug_macro   0x000000000000283c       0x2e Application/User/UTFT.o
 .debug_macro   0x000000000000286a       0x22 Application/User/UTFT.o
 .debug_macro   0x000000000000288c       0x34 Application/User/UTFT.o
 .debug_macro   0x00000000000028c0       0x34 Application/User/UTFT.o
 .debug_macro   0x00000000000028f4      0xb8e Application/User/UTFT.o
 .debug_macro   0x0000000000003482    0x164be Application/User/UTFT.o
 .debug_macro   0x0000000000019940       0x43 Application/User/UTFT.o
 .debug_macro   0x0000000000019983       0x1c Application/User/UTFT.o
 .debug_macro   0x000000000001999f       0x10 Application/User/UTFT.o
 .debug_macro   0x00000000000199af       0x10 Application/User/UTFT.o
 .debug_macro   0x00000000000199bf       0x1c Application/User/UTFT.o
 .debug_macro   0x00000000000199db       0x52 Application/User/UTFT.o
 .debug_macro   0x0000000000019a2d       0x40 Application/User/UTFT.o
 .debug_macro   0x0000000000019a6d       0x10 Application/User/UTFT.o
 .debug_macro   0x0000000000019a7d       0x40 Application/User/UTFT.o
 .debug_macro   0x0000000000019abd       0xd7 Application/User/UTFT.o
 .debug_macro   0x0000000000019b94       0x1c Application/User/UTFT.o
 .debug_macro   0x0000000000019bb0       0x3d Application/User/UTFT.o
 .debug_macro   0x0000000000019bed       0x16 Application/User/UTFT.o
 .debug_macro   0x0000000000019c03      0x137 Application/User/UTFT.o
 .debug_macro   0x0000000000019d3a       0x50 Application/User/UTFT.o
 .debug_macro   0x0000000000019d8a      0x5c2 Application/User/UTFT.o
 .debug_macro   0x000000000001a34c      0x6b9 Application/User/UTFT.o
 .debug_macro   0x000000000001aa05      0x1cb Application/User/UTFT.o
 .debug_macro   0x000000000001abd0      0x11e Application/User/UTFT.o
 .debug_macro   0x000000000001acee      0x215 Application/User/UTFT.o
 .debug_macro   0x000000000001af03       0x27 Application/User/UTFT.o
 .debug_macro   0x000000000001af2a      0x1bc Application/User/UTFT.o
 .debug_macro   0x000000000001b0e6       0x31 Application/User/UTFT.o
 .debug_macro   0x000000000001b117       0x3c Application/User/UTFT.o
 .debug_macro   0x000000000001b153       0x57 Application/User/UTFT.o
 .debug_macro   0x000000000001b1aa       0x8c Application/User/UTFT.o
 .debug_macro   0x000000000001b236      0x250 Application/User/UTFT.o
 .debug_macro   0x000000000001b486      0x143 Application/User/UTFT.o
 .debug_macro   0x000000000001b5c9      0x1f4 Application/User/UTFT.o
 .debug_macro   0x000000000001b7bd       0xe3 Application/User/UTFT.o
 .debug_macro   0x000000000001b8a0      0x2ed Application/User/main.o
 .debug_macro   0x000000000001bb8d      0xa60 Application/User/main.o
 .debug_macro   0x000000000001c5ed      0xb8e Application/User/main.o
 .debug_macro   0x000000000001d17b       0x9c Application/User/main.o
 .debug_macro   0x000000000001d217       0x16 Application/User/main.o
 .debug_macro   0x000000000001d22d       0x97 Application/User/main.o
 .debug_macro   0x000000000001d2c4      0x330 Application/User/main.o
 .debug_macro   0x000000000001d5f4       0xfd Application/User/main.o
 .debug_macro   0x000000000001d6f1       0x43 Application/User/main.o
 .debug_macro   0x000000000001d734      0x16f Application/User/main.o
 .debug_macro   0x000000000001d8a3      0x2df Application/User/stm32f1xx_hal_msp.o
 .debug_macro   0x000000000001db82      0x2e9 Application/User/stm32f1xx_it.o
 .debug_macro   0x000000000001de6b      0x2e5 Drivers/CMSIS/system_stm32f1xx.o
 .debug_macro   0x000000000001e150      0x303 Drivers/STM32F1xx_HAL_Driver/stm32f1xx_hal.o
 .debug_macro   0x000000000001e453      0x2df Drivers/STM32F1xx_HAL_Driver/stm32f1xx_hal_cortex.o
 .debug_macro   0x000000000001e732      0x34f Drivers/STM32F1xx_HAL_Driver/stm32f1xx_hal_gpio.o
 .debug_macro   0x000000000001ea81      0x2f1 Drivers/STM32F1xx_HAL_Driver/stm32f1xx_hal_rcc.o
 .debug_macro   0x000000000001ed72      0x2df Drivers/STM32F1xx_HAL_Driver/stm32f1xx_hal_spi_ex.o

.comment        0x0000000000000000       0x7e
 .comment       0x0000000000000000       0x7e Application/User/Display.o
                                         0x7f (size before relaxing)
 .comment       0x000000000000007e       0x7f Application/User/UTFT.o
 .comment       0x000000000000007e       0x7f Application/User/main.o
 .comment       0x000000000000007e       0x7f Application/User/stm32f1xx_hal_msp.o
 .comment       0x000000000000007e       0x7f Application/User/stm32f1xx_it.o
 .comment       0x000000000000007e       0x7f Drivers/CMSIS/system_stm32f1xx.o
 .comment       0x000000000000007e       0x7f Drivers/STM32F1xx_HAL_Driver/stm32f1xx_hal.o
 .comment       0x000000000000007e       0x7f Drivers/STM32F1xx_HAL_Driver/stm32f1xx_hal_cortex.o
 .comment       0x000000000000007e       0x7f Drivers/STM32F1xx_HAL_Driver/stm32f1xx_hal_gpio.o
 .comment       0x000000000000007e       0x7f Drivers/STM32F1xx_HAL_Driver/stm32f1xx_hal_rcc.o
 .comment       0x000000000000007e       0x7f Drivers/STM32F1xx_HAL_Driver/stm32f1xx_hal_spi_ex.o

.debug_frame    0x0000000000000000      0xc80
 .debug_frame   0x0000000000000000       0x50 Application/User/Display.o
 .debug_frame   0x0000000000000050      0x418 Application/User/UTFT.o
 .debug_frame   0x0000000000000468       0xcc Application/User/main.o
 .debug_frame   0x0000000000000534       0x64 Application/User/stm32f1xx_hal_msp.o
 .debug_frame   0x0000000000000598       0xa8 Application/User/stm32f1xx_it.o
 .debug_frame   0x0000000000000640       0x3c Drivers/CMSIS/system_stm32f1xx.o
 .debug_frame   0x000000000000067c      0x1ac Drivers/STM32F1xx_HAL_Driver/stm32f1xx_hal.o
 .debug_frame   0x0000000000000828      0x12c Drivers/STM32F1xx_HAL_Driver/stm32f1xx_hal_cortex.o
 .debug_frame   0x0000000000000954       0xd4 Drivers/STM32F1xx_HAL_Driver/stm32f1xx_hal_gpio.o
 .debug_frame   0x0000000000000a28      0x180 Drivers/STM32F1xx_HAL_Driver/stm32f1xx_hal_rcc.o
 .debug_frame   0x0000000000000ba8       0x2c Drivers/STM32F1xx_HAL_Driver/stm32f1xx_hal_spi_ex.o
 .debug_frame   0x0000000000000bd4       0x2c /home/sven/bin/STM32_SystemWorkbench/plugins/fr.ac6.mcu.externaltools.arm-none.linux64_1.16.0.201807130628/tools/compiler/bin/../lib/gcc/arm-none-eabi/7.2.1/thumb/v7-m/libgcc.a(_aeabi_uldivmod.o)
 .debug_frame   0x0000000000000c00       0x34 /home/sven/bin/STM32_SystemWorkbench/plugins/fr.ac6.mcu.externaltools.arm-none.linux64_1.16.0.201807130628/tools/compiler/bin/../lib/gcc/arm-none-eabi/7.2.1/thumb/v7-m/libgcc.a(_udivmoddi4.o)
 .debug_frame   0x0000000000000c34       0x2c /home/sven/bin/STM32_SystemWorkbench/plugins/fr.ac6.mcu.externaltools.arm-none.linux64_1.16.0.201807130628/tools/compiler/bin/../lib/gcc/arm-none-eabi/7.2.1/../../../../arm-none-eabi/lib/thumb/v7-m/libc_nano.a(lib_a-init.o)
 .debug_frame   0x0000000000000c60       0x20 /home/sven/bin/STM32_SystemWorkbench/plugins/fr.ac6.mcu.externaltools.arm-none.linux64_1.16.0.201807130628/tools/compiler/bin/../lib/gcc/arm-none-eabi/7.2.1/../../../../arm-none-eabi/lib/thumb/v7-m/libc_nano.a(lib_a-strchr.o)
